MemTotal:        8256448 kB
MemFree:         7688224 kB
MemAvailable:    7957760 kB
Buffers:           87872 kB
Cached:           250352 kB
SwapCached:            0 kB
Active:           259440 kB
Inactive:         139008 kB
Active(anon):      82624 kB
Inactive(anon):        0 kB
Active(file):     176816 kB
Inactive(file):   139008 kB
Unevictable:           0 kB
Mlocked:               0 kB
SwapTotal:       2097136 kB
SwapFree:        2097136 kB
Zswap:                 0 kB
Zswapped:              0 kB
Dirty:                 0 kB
Writeback:             0 kB
AnonPages:         60400 kB
Mapped:            67824 kB
Shmem:             22672 kB
KReclaimable:      30128 kB
Slab:              68320 kB
SReclaimable:      30128 kB
SUnreclaim:        38192 kB
KernelStack:        3056 kB
PageTables:         3696 kB
SecPageTables:       112 kB
NFS_Unstable:          0 kB
Bounce:                0 kB
WritebackTmp:          0 kB
CommitLimit:     6225360 kB
Committed_AS:     301440 kB
VmallocTotal:   68447887360 kB
VmallocUsed:       51744 kB
VmallocChunk:          0 kB
Percpu:             1344 kB
CmaTotal:          65536 kB
CmaFree:           55296 kB
